------------------------------------------------------------
TimeQuest Timing Analyzer Summary
------------------------------------------------------------

Type  : Slow 1100mV 85C Model Setup 'clk'
Slack : -2.329
TNS   : -253.682

Type  : Slow 1100mV 85C Model Hold 'clk'
Slack : 0.241
TNS   : 0.000

Type  : Slow 1100mV 85C Model Minimum Pulse Width 'clk'
Slack : 0.387
TNS   : 0.000

Type  : Slow 1100mV 0C Model Setup 'clk'
Slack : -2.408
TNS   : -245.520

Type  : Slow 1100mV 0C Model Hold 'clk'
Slack : 0.224
TNS   : 0.000

Type  : Slow 1100mV 0C Model Minimum Pulse Width 'clk'
Slack : 0.306
TNS   : 0.000

Type  : Fast 1100mV 85C Model Setup 'clk'
Slack : -0.615
TNS   : -13.096

Type  : Fast 1100mV 85C Model Hold 'clk'
Slack : 0.142
TNS   : 0.000

Type  : Fast 1100mV 85C Model Minimum Pulse Width 'clk'
Slack : 0.421
TNS   : 0.000

Type  : Fast 1100mV 0C Model Setup 'clk'
Slack : -0.367
TNS   : -4.889

Type  : Fast 1100mV 0C Model Hold 'clk'
Slack : 0.132
TNS   : 0.000

Type  : Fast 1100mV 0C Model Minimum Pulse Width 'clk'
Slack : 0.420
TNS   : 0.000

------------------------------------------------------------
