------------------------------------------------------------
TimeQuest Timing Analyzer Summary
------------------------------------------------------------

Type  : Slow 1100mV 85C Model Setup 'clk'
Slack : -6.716
TNS   : -796.762

Type  : Slow 1100mV 85C Model Hold 'clk'
Slack : 0.220
TNS   : 0.000

Type  : Slow 1100mV 85C Model Recovery 'clk'
Slack : 0.209
TNS   : 0.000

Type  : Slow 1100mV 85C Model Removal 'clk'
Slack : 0.897
TNS   : 0.000

Type  : Slow 1100mV 85C Model Minimum Pulse Width 'clk'
Slack : 0.372
TNS   : 0.000

Type  : Slow 1100mV 0C Model Setup 'clk'
Slack : -6.817
TNS   : -791.114

Type  : Slow 1100mV 0C Model Hold 'clk'
Slack : 0.203
TNS   : 0.000

Type  : Slow 1100mV 0C Model Recovery 'clk'
Slack : 0.265
TNS   : 0.000

Type  : Slow 1100mV 0C Model Removal 'clk'
Slack : 0.854
TNS   : 0.000

Type  : Slow 1100mV 0C Model Minimum Pulse Width 'clk'
Slack : 0.292
TNS   : 0.000

Type  : Fast 1100mV 85C Model Setup 'clk'
Slack : -2.978
TNS   : -165.041

Type  : Fast 1100mV 85C Model Hold 'clk'
Slack : 0.130
TNS   : 0.000

Type  : Fast 1100mV 85C Model Recovery 'clk'
Slack : 0.931
TNS   : 0.000

Type  : Fast 1100mV 85C Model Removal 'clk'
Slack : 0.496
TNS   : 0.000

Type  : Fast 1100mV 85C Model Minimum Pulse Width 'clk'
Slack : 0.424
TNS   : 0.000

Type  : Fast 1100mV 0C Model Setup 'clk'
Slack : -2.612
TNS   : -127.576

Type  : Fast 1100mV 0C Model Hold 'clk'
Slack : 0.118
TNS   : 0.000

Type  : Fast 1100mV 0C Model Recovery 'clk'
Slack : 1.017
TNS   : 0.000

Type  : Fast 1100mV 0C Model Removal 'clk'
Slack : 0.444
TNS   : 0.000

Type  : Fast 1100mV 0C Model Minimum Pulse Width 'clk'
Slack : 0.421
TNS   : 0.000

------------------------------------------------------------
